// Jest Snapshot v1, https://goo.gl/fbAQLP

exports[`AddOn if isChecked is true 1`] = `
<div>
  <label
    class="addon checked"
    data-testid="addon"
  >
    <input
      checked=""
      type="checkbox"
    />
    <span
      class="checkmark"
    />
    <div
      class="info"
    >
      <p
        class="title"
      >
        Title
      </p>
      <p
        class="description"
      >
        Description
      </p>
    </div>
    <p
      class="price"
    >
      +$
      100
      /
      yr
    </p>
  </label>
</div>
`;
