// Jest Snapshot v1, https://goo.gl/fbAQLP

exports[`Step2 renders Step2 component correctly 1`] = `
<div>
  <div>
    <h1
      class="title"
    >
      Select your plan
    </h1>
    <p
      class="description"
    >
      You have the option of monthly or yearly billing.
    </p>
    <form>
      <div
        class="plans"
      >
        <label
          class="plan_box"
          data-testid="plan"
        >
          <img
            alt="icon"
            class="icon"
            height="40px"
            src="/images/icon-arcade.svg"
            width="40px"
          />
          <input
            class="box"
            name="plan"
            type="radio"
            value="Arcade"
          />
          <div
            class="description"
          >
            <p
              class="title"
            >
              Arcade
            </p>
            <p
              class="price"
            >
              $
              9
              /
              mo
            </p>
          </div>
        </label>
        <label
          class="plan_box"
          data-testid="plan"
        >
          <img
            alt="icon"
            class="icon"
            height="40px"
            src="/images/icon-advanced.svg"
            width="40px"
          />
          <input
            class="box"
            name="plan"
            type="radio"
            value="Advanced"
          />
          <div
            class="description"
          >
            <p
              class="title"
            >
              Advanced
            </p>
            <p
              class="price"
            >
              $
              12
              /
              mo
            </p>
          </div>
        </label>
        <label
          class="plan_box"
          data-testid="plan"
        >
          <img
            alt="icon"
            class="icon"
            height="40px"
            src="/images/icon-pro.svg"
            width="40px"
          />
          <input
            class="box"
            name="plan"
            type="radio"
            value="Pro"
          />
          <div
            class="description"
          >
            <p
              class="title"
            >
              Pro
            </p>
            <p
              class="price"
            >
              $
              15
              /
              mo
            </p>
          </div>
        </label>
      </div>
      <div
        class="period"
      >
        <p
          class="option choosen"
        >
          Monthly
        </p>
        <label
          class="toggle_switch"
        >
          <input
            class="toggle_input"
            type="checkbox"
          />
          <span
            class="slider"
          />
        </label>
        <p
          class="option"
        >
          Yearly
        </p>
      </div>
      <div
        class="buttons"
      >
        <button
          class="button button_back"
          type="button"
        >
          Go Back
        </button>
        <button
          class="button button_next"
          type="submit"
        >
          Next Step
        </button>
      </div>
    </form>
  </div>
</div>
`;
